// Jest Snapshot v1, https://goo.gl/fbAQLP

exports[`renders base component using dayKeys 1`] = `
<div
  className="PlannerApp"
>
  <Day
    day="2017-04-24"
    itemsForDay={
      Array [
        Object {},
      ]
    }
  />
  <Day
    day="2017-04-25"
    itemsForDay={
      Array [
        Object {},
      ]
    }
  />
  <Day
    day="2017-04-26"
    itemsForDay={
      Array [
        Object {},
      ]
    }
  />
  <ol
    style={
      Object {
        "listStyleType": "none",
        "margin": 0,
        "padding": 0,
      }
    }
  >
    <PlannerItem
      associated_item="Quiz"
      color="#d71f85"
      completed={true}
      id={5}
      points={25}
      title="This is an assignment"
      toggleCompletion={[Function]}
    />
  </ol>
</div>
`;
