// Jest Snapshot v1, https://goo.gl/fbAQLP

exports[`renders the base component with required props 1`] = `
<div>
  <Heading
    border="bottom"
    color="inherit"
    ellipsis={false}
    level="h2"
  >
    <Typography
      as="div"
      lineHeight="condensed"
      size="medium"
      transform="uppercase"
    >
      Tuesday
    </Typography>
    <Typography
      as="div"
      lineHeight="condensed"
      size="medium"
    >
      April 25, 2017
    </Typography>
  </Heading>
  <div>
    <Container
      display="block"
      margin="small 0 0 0"
      textAlign="center"
    >
      <Typography
        as="span"
        size="medium"
      >
        Nothing planned today
      </Typography>
    </Container>
  </div>
</div>
`;
