// Jest Snapshot v1, https://goo.gl/fbAQLP

exports[`renders the base component correctly with two buttons and a tray 1`] = `
<div>
  <Button
    as="button"
    buttonRef={[Function]}
    isBlock={false}
    margin="0"
    onClick={[Function]}
    size="medium"
    type="button"
    variant="icon"
  >
    <IconPlusLine
      title="Add Note to Self"
    />
  </Button>
  <Button
    as="button"
    buttonRef={[Function]}
    isBlock={false}
    margin="0"
    size="medium"
    type="button"
    variant="icon"
  >
    <PlannerBadge
      count={4}
    >
      <IconAlertLine
        title="4 opportunities"
      />
    </PlannerBadge>
  </Button>
  <Tray
    border={false}
    closeButtonLabel="Close"
    closeButtonRef={[Function]}
    closeButtonVariant="icon"
    contentRef={[Function]}
    isDismissable={true}
    isOpen={false}
    label="Create/update planner item"
    onExited={[Function]}
    onExiting={[Function]}
    onRequestClose={[Function]}
    placement="right"
    shadow={true}
    trapFocus={true}
  >
    <UpdateItemTray
      courses={Array []}
      onDeletePlannerItem={[Function]}
      onSavePlannerItem={[Function]}
    />
  </Tray>
</div>
`;
