// Jest Snapshot v1, https://goo.gl/fbAQLP

exports[`renders the base component correctly with two buttons and a tray 1`] = `
<div>
  <Button
    as="button"
    buttonRef={[Function]}
    fluidWidth={false}
    margin="0"
    onClick={[Function]}
    size="medium"
    type="button"
    variant="icon"
  >
    <IconPlusLine
      title="Add Note to Self"
    />
  </Button>
  <Button
    as="button"
    buttonRef={[Function]}
    fluidWidth={false}
    margin="0"
    size="medium"
    type="button"
    variant="icon"
  >
    <Badge
      count={4}
      formatOverflowText={[Function]}
      placement="top end"
      pulse={false}
      standalone={false}
      type="count"
      variant="primary"
    >
      <IconAlertLine
        title="4 opportunities"
      />
    </Badge>
  </Button>
  <Tray
    border={false}
    closeButtonLabel="Close"
    closeButtonRef={[Function]}
    closeButtonVariant="icon"
    contentRef={[Function]}
    isDismissable={true}
    isOpen={false}
    label="Create/update planner item"
    onExited={[Function]}
    onExiting={[Function]}
    onRequestClose={[Function]}
    placement="end"
    shadow={true}
    trapFocus={true}
  >
    <UpdateItemTray
      courses={Array []}
      locale="en"
      onDeletePlannerItem={[Function]}
      onSavePlannerItem={[Function]}
      timeZone="America/Denver"
    />
  </Tray>
</div>
`;
